// Jest Snapshot v1, https://goo.gl/fbAQLP

exports[`FoundMovies Snapshot (with movies) 1`] = `
<div>
  <span
    className={null}
  >
    Let's see what we've found:
  </span>
  <MovieTile
    genre="unknown"
    key="0"
    src={null}
    title="Robocop: Winter Soldier"
    year={null}
  />
  <MovieTile
    genre="unknown"
    key="1"
    src={null}
    title="Lord of The Rings: Return of Joker"
    year={null}
  />
</div>
`;

exports[`FoundMovies Snapshot (without movies) 1`] = `
<div>
  <span
    className="EmptyResults"
  >
    No films found
  </span>
</div>
`;
