// Jest Snapshot v1, https://goo.gl/fbAQLP

exports[`MovieDetails Snapshot 1`] = `
<div>
  <button>
    SEARCH
  </button>
  <img
    alt="poster"
    src="www.example.com"
  />
  <span>
    Jay and Pikachu Strike Back
  </span>
  <span>
    6.9
  </span>
  <span>
    movieForNerds
  </span>
  <span>
    a long time ago
  </span>
  <span>
    01:31
  </span>
  <span>
    Probably the most popular anime in the world
  </span>
</div>
`;
