// Jest Snapshot v1, https://goo.gl/fbAQLP

exports[`ResultsSort Snapshot 1`] = `
<div>
  <label
    htmlFor="ResultsSort"
  >
    Sort by
    <Jss(RadioButtonGroup)
      checked="release date"
      idPrefix="ResultsSort-"
      onUpdate={[Function]}
      options={
        Array [
          "release date",
          "rating",
        ]
      }
    />
  </label>
</div>
`;
