// Jest Snapshot v1, https://goo.gl/fbAQLP

exports[`SearchFilter Snapshot 1`] = `
<SearchFilter
  classes={
    Object {
      "searchFilter": "SearchFilter-searchFilter-0-1-1",
    }
  }
  idPrefix="SearchFilter-"
  onUpdate={[Function]}
  options={
    Array [
      "TITLE",
      "GENRE",
    ]
  }
/>
`;
