// Jest Snapshot v1, https://goo.gl/fbAQLP

exports[`SearchPanel Snapshot 1`] = `
<SearchPanel
  classes={
    Object {
      "header": "SearchPanel-header-0-1-2",
      "searchButton": "SearchPanel-searchButton-0-1-4",
      "searchButtonContainer": "SearchPanel-searchButtonContainer-0-1-3",
      "searchPanel": "SearchPanel-searchPanel-0-1-1",
    }
  }
  filter=""
  handleSearchChange={[Function]}
  onFilterUpdate={[Function]}
  sortOption=""
  startSearch={[Function]}
  text=""
/>
`;
