// Jest Snapshot v1, https://goo.gl/fbAQLP

exports[`MainPage Snapshot 1`] = `
<div>
  <span
    className="RunningTitle"
  >
    netflixroulette
  </span>
  <div
    className="SearchPanel"
  >
    <span
      className="Header"
    >
      FIND YOUR MOVIE
    </span>
    <input
      className="SearchField"
      placeholder="Enter movie info here"
    />
    <div
      className="SearchFilter"
    >
      <label
        htmlFor="SearchFilter"
      >
        SEARCH BY
        <div
          className="RadioButton"
        >
          <input
            checked={true}
            id="SearchFilter-0"
            onChange={[Function]}
            type="radio"
            value="TITLE"
          />
          <label
            htmlFor="SearchFilter-0"
          >
            TITLE
          </label>
        </div>
        <div
          className="RadioButton"
        >
          <input
            checked={false}
            id="SearchFilter-1"
            onChange={[Function]}
            type="radio"
            value="GENRE"
          />
          <label
            htmlFor="SearchFilter-1"
          >
            GENRE
          </label>
        </div>
      </label>
    </div>
    <button
      className="SearchButton"
    >
      SEARCH
    </button>
  </div>
  <div>
    <span
      className="EmptyResults"
    >
      No films found
    </span>
  </div>
  <span
    className="RunningTitle"
  >
    netflixroulette
  </span>
</div>
`;
