// Jest Snapshot v1, https://goo.gl/fbAQLP

exports[`RadioButtonGroup Snapshot 1`] = `
Array [
  <div
    className="RadioButton"
  >
    <input
      checked={true}
      id="radioButtonTest0"
      onChange={[Function]}
      type="radio"
      value="Pikachu"
    />
    <label
      htmlFor="radioButtonTest0"
    >
      Pikachu
    </label>
  </div>,
  <div
    className="RadioButton"
  >
    <input
      checked={false}
      id="radioButtonTest1"
      onChange={[Function]}
      type="radio"
      value="Charmander"
    />
    <label
      htmlFor="radioButtonTest1"
    >
      Charmander
    </label>
  </div>,
]
`;
