// Jest Snapshot v1, https://goo.gl/fbAQLP

exports[`ResultsSort Snapshot 1`] = `
<div>
  <label
    htmlFor="ResultsSort"
  >
    Sort by
    <div
      className="RadioButton"
    >
      <input
        checked={true}
        id="ResultsSort-0"
        onChange={[Function]}
        type="radio"
        value="release date"
      />
      <label
        htmlFor="ResultsSort-0"
      >
        release date
      </label>
    </div>
    <div
      className="RadioButton"
    >
      <input
        checked={false}
        id="ResultsSort-1"
        onChange={[Function]}
        type="radio"
        value="rating"
      />
      <label
        htmlFor="ResultsSort-1"
      >
        rating
      </label>
    </div>
  </label>
</div>
`;
